
===== step2-compose-up =====
$ docker compose --env-file .env up -d 2>&1
couldn't find env file: /Users/aleph/Projects/lalajoanime/.env

Command exited with code 1

===== step3-health =====
{"status":"ok"}
HEALTH_OK_at_try_1

===== step4-setup-schema =====
$ DIRECTUS_URL=http://localhost:8055 DIRECTUS_ADMIN_EMAIL=admin@example.com DIRECTUS_ADMIN_PASSWORD=admin1234 node seed/setup-schema.mjs 2>&1
node:internal/modules/cjs/loader:1520
  throw err;
  ^

Error: Cannot find module '/Users/aleph/Projects/lalajoanime/seed/setup-schema.mjs'
    at Module._resolveFilename (node:internal/modules/cjs/loader:1517:15)
    at wrapResolveFilename (node:internal/modules/cjs/loader:1071:27)
    at defaultResolveImplForCJSLoading (node:internal/modules/cjs/loader:1095:10)
    at resolveForCJSWithHooks (node:internal/modules/cjs/loader:1122:12)
    at Module._load (node:internal/modules/cjs/loader:1294:5)
    at wrapModuleLoad (node:internal/modules/cjs/loader:255:19)
    at Module.executeUserEntryPoint [as runMain] (node:internal/modules/run_main:154:5)
    at node:internal/main/run_main_module:33:47 {
  code: 'MODULE_NOT_FOUND',
  requireStack: []
}

Node.js v24.18.0

Command exited with code 1

===== step5-seed =====
$ DIRECTUS_URL=http://localhost:8055 DIRECTUS_ADMIN_EMAIL=admin@example.com DIRECTUS_ADMIN_PASSWORD=admin1234 node seed/seed.mjs 2>&1
node:internal/modules/cjs/loader:1520
  throw err;
  ^

Error: Cannot find module '/Users/aleph/Projects/lalajoanime/seed/seed.mjs'
    at Module._resolveFilename (node:internal/modules/cjs/loader:1517:15)
    at wrapResolveFilename (node:internal/modules/cjs/loader:1071:27)
    at defaultResolveImplForCJSLoading (node:internal/modules/cjs/loader:1095:10)
    at resolveForCJSWithHooks (node:internal/modules/cjs/loader:1122:12)
    at Module._load (node:internal/modules/cjs/loader:1294:5)
    at wrapModuleLoad (node:internal/modules/cjs/loader:255:19)
    at Module.executeUserEntryPoint [as runMain] (node:internal/modules/run_main:154:5)
    at node:internal/main/run_main_module:33:47 {
  code: 'MODULE_NOT_FOUND',
  requireStack: []
}

Node.js v24.18.0

Command exited with code 1
