$ tsc -b && vite build
vite v8.3.2 building client environment for production...
transforming...
✓ 333 modules transformed.
rendering chunks...
computing gzip size...
dist/index.html                         0.48 kB │ gzip:   0.31 kB
dist/assets/index-B4zjyzE1.css         36.45 kB │ gzip:   7.55 kB
dist/assets/Preview-DsMf0Rb0.js         1.50 kB │ gzip:   0.81 kB
dist/assets/dist-7W5OdZjH.js            2.05 kB │ gzip:   0.67 kB
dist/assets/react-AEgioeS6.js           5.26 kB │ gzip:   2.48 kB
dist/assets/react-C3QbUQhy.js           6.47 kB │ gzip:   2.71 kB
dist/assets/react-PztIva4Z.js           6.92 kB │ gzip:   2.95 kB
dist/assets/react-DmkBsDyK.js           7.36 kB │ gzip:   2.91 kB
dist/assets/react-BMRahYZK.js           8.61 kB │ gzip:   3.46 kB
dist/assets/react-pWtZ31iK.js           9.42 kB │ gzip:   3.62 kB
dist/assets/react-DOSeQ_Tb.js          11.54 kB │ gzip:   4.34 kB
dist/assets/dist-CyE5fcvK.js           15.38 kB │ gzip:   3.88 kB
dist/assets/react-BRzxMnE8.js          49.15 kB │ gzip:  14.97 kB
dist/assets/index-DpBVAiaJ.js         368.88 kB │ gzip: 113.36 kB
dist/assets/dist-TQcwtoI6.js          521.24 kB │ gzip: 134.65 kB
dist/assets/hls-BcPVyNxK.js           574.73 kB │ gzip: 178.98 kB
dist/assets/dash.all.min-Cwm8JF7h.js  822.54 kB │ gzip: 238.53 kB

[plugin builtin:vite-reporter] 
(!) Some chunks are larger than 500 kB after minification. Consider:
- Using dynamic import() to code-split the application
- Use build.rolldownOptions.output.codeSplitting to improve chunking: https://rolldown.rs/reference/OutputOptions.codeSplitting
- Adjust chunk size limit for this warning via build.chunkSizeWarningLimit.
✓ built in 252ms
EXIT=0
-rw-r--r--@ 1 aleph  staff  487 Oct  5 12:55 dist/index.html
